---
source: runtime/crates/web-agent-tui/src/ui/mod.rs
expression: output
---
"╭ Messages ──────────────────────────────────────────────────────────╮┌MCP Servers─────────────────┐"
"│ℹ Welcome                                                           ││● Local (sandbox) [5 tools] │"
"│                                                                    ││○ No remote servers         │"
"│                                                                    ││                            │"
"│                                                                    │└────────────────────────────┘"
"│                                                                    │┌Auxiliary───────────────────┐"
"│                                                                    ││Tool output will appear     │"
"│                                                                    ││here.                       │"
"│                                                                    ││                            │"
"│                                                                    ││Try running a command!      │"
"│                        ╭⚙ Select Provider───────────────────────────────╮                        │"
"│                        │▶ Anthropic (Claude) (anthropic) (enter URL)    │                        │"
"│                        │  OpenAI (GPT) (openai) (enter URL)             │                        │"
"│                        │  Google (Gemini) (gemini) (enter URL)          │                        │"
"│                        │  WebLLM (Local Browser) (webllm)               │                        │"
"│                        │  Custom (OpenAI-compatible) (custom) (enter URL│                        │"
"│                        │                                                │                        │"
"│                        │                                                │                        │"
"│                        │                                                │                        │"
"│                        ╰────────────────────────────────────────────────╯                        │"
"│                              ↑↓ Navigate │ Enter Select │ Esc Close││                            │"
"│                                                                    ││                            │"
"│                                                                    ││                            │"
"│                                                                    ││                            │"
"│                                                                    ││                            │"
"╰────────────────────────────────────────────────────────────────────╯│                            │"
"╭ Agent ─────────────────────────────────────────────────────────────╮│                            │"
"│›                                                                   ││                            │"
"╰────────────────────────────────────────────────────────────────────╯└────────────────────────────┘"
" AGENT  │ claude-sonnet-4 │ L:● R:○ │ ^C quit  /help                                                "
