---
source: runtime/crates/web-agent-tui/src/ui/mod.rs
expression: output
---
"╭ Messages ────────────────────────────╮"
"│ℹ Welcome!                            │"
"│                                      │"
"│                                      │"
"│                                      │"
"│                                      │"
"│                                      │"
"│                                      │"
"│                                      │"
"│                                      │"
"│                                      │"
"│                                      │"
"│                                      │"
"│                                      │"
"│                                      │"
"╰──────────────────────────────────────╯"
"╭ Agent ───────────────────────────────╮"
"│› hello                               │"
"╰──────────────────────────────────────╯"
" AGENT  │ claude-sonnet-4 │ L:● R:○ │ ^C"
